fixture.js
    warning  eslint     3:10   Missing function expression name.  func-names

subfolder/fixture.js
    error  eslint     5:10   Missing function expression name.  func-names
